// Jest Snapshot v1, https://goo.gl/fbAQLP

exports[`Placeholder Empty 1`] = `
Array [
  Object {
    "apiVersion": "v1",
    "kind": "Namespace",
  },
  Object {
    "apiVersion": "apps/v1",
    "kind": "Deployment",
    "spec": Object {
      "replicas": 1,
      "selector": Object {
        "matchLabels": Object {},
      },
      "template": Object {
        "metadata": Object {
          "labels": Object {},
        },
        "spec": Object {
          "containers": Array [
            Object {
              "env": Array [
                Object {
                  "name": "NODE_ENV",
                  "value": "development",
                },
                Object {
                  "name": "SERVICE_TAGS",
                  "value": "development",
                },
              ],
              "image": "asia-east1-docker.pkg.dev/general-382514/yu-gpt-engine/yu-gpt-engine-image:latest",
              "imagePullPolicy": "Always",
              "livenessProbe": Object {
                "httpGet": Object {
                  "path": "/",
                  "port": 3000,
                },
                "initialDelaySeconds": 10,
              },
              "name": "yggdrasil-core-engine",
              "resources": Object {
                "limits": Object {
                  "cpu": "0.25",
                  "memory": "512Mi",
                },
              },
            },
          ],
          "imagePullSecrets": Array [
            Object {
              "name": "registry-credentials",
            },
          ],
        },
      },
    },
  },
  Object {
    "apiVersion": "v1",
    "kind": "ServiceAccount",
  },
  Object {
    "apiVersion": "rbac.authorization.k8s.io/v1",
    "kind": "RoleBinding",
    "roleRef": Object {
      "apiGroup": "rbac.authorization.k8s.io",
      "kind": "ClusterRole",
      "name": "cluster-admin",
    },
    "subjects": Array [
      Object {
        "kind": "ServiceAccount",
      },
    ],
  },
]
`;
